=== jax/numpy BEFORE robocasa install ===
jax 0.5.3 numpy 1.26.4
Obtaining file:///home/asurite.ad.asu.edu/xinyua11/robosuite
  Installing build dependencies: started
  Installing build dependencies: finished with status 'done'
  Checking if build backend supports build_editable: started
  Checking if build backend supports build_editable: finished with status 'done'
  Getting requirements to build editable: started
  Getting requirements to build editable: finished with status 'done'
  Preparing editable metadata (pyproject.toml): started
  Preparing editable metadata (pyproject.toml): finished with status 'done'
Requirement already satisfied: numpy>=1.13.3 in /home/asurite.ad.asu.edu/xinyua11/miniconda3/envs/openpi_env/lib/python3.11/site-packages (from robosuite==1.5.2) (1.26.4)
Collecting numba>=0.49.1 (from robosuite==1.5.2)
  Using cached numba-0.65.1-cp311-cp311-manylinux2014_x86_64.manylinux_2_17_x86_64.whl.metadata (2.9 kB)
Requirement already satisfied: scipy>=1.2.3 in /home/asurite.ad.asu.edu/xinyua11/miniconda3/envs/openpi_env/lib/python3.11/site-packages (from robosuite==1.5.2) (1.17.1)
Collecting mujoco>=3.3.0 (from robosuite==1.5.2)
  Using cached mujoco-3.9.0-cp311-cp311-manylinux_2_27_x86_64.manylinux_2_28_x86_64.whl.metadata (42 kB)
Collecting qpsolvers>=4.3.1 (from qpsolvers[quadprog]>=4.3.1->robosuite==1.5.2)
  Using cached qpsolvers-4.12.0-py3-none-any.whl.metadata (14 kB)
Requirement already satisfied: Pillow in /home/asurite.ad.asu.edu/xinyua11/miniconda3/envs/openpi_env/lib/python3.11/site-packages (from robosuite==1.5.2) (12.2.0)
Requirement already satisfied: opencv-python in /home/asurite.ad.asu.edu/xinyua11/miniconda3/envs/openpi_env/lib/python3.11/site-packages (from robosuite==1.5.2) (4.11.0.86)
Requirement already satisfied: pynput in /home/asurite.ad.asu.edu/xinyua11/miniconda3/envs/openpi_env/lib/python3.11/site-packages (from robosuite==1.5.2) (1.8.2)
Requirement already satisfied: termcolor in /home/asurite.ad.asu.edu/xinyua11/miniconda3/envs/openpi_env/lib/python3.11/site-packages (from robosuite==1.5.2) (3.3.0)
Collecting pytest (from robosuite==1.5.2)
  Using cached pytest-9.0.3-py3-none-any.whl.metadata (7.6 kB)
Requirement already satisfied: tqdm in /home/asurite.ad.asu.edu/xinyua11/miniconda3/envs/openpi_env/lib/python3.11/site-packages (from robosuite==1.5.2) (4.68.2)
Requirement already satisfied: absl-py in /home/asurite.ad.asu.edu/xinyua11/miniconda3/envs/openpi_env/lib/python3.11/site-packages (from mujoco>=3.3.0->robosuite==1.5.2) (2.4.0)
Requirement already satisfied: etils[epath] in /home/asurite.ad.asu.edu/xinyua11/miniconda3/envs/openpi_env/lib/python3.11/site-packages (from mujoco>=3.3.0->robosuite==1.5.2) (1.14.0)
Collecting glfw (from mujoco>=3.3.0->robosuite==1.5.2)
  Using cached glfw-2.10.0-py2.py27.py3.py30.py31.py32.py33.py34.py35.py36.py37.py38.py39.py310.py311.py312.py313.py314-none-manylinux_2_28_x86_64.whl.metadata (5.4 kB)
Collecting pyopengl (from mujoco>=3.3.0->robosuite==1.5.2)
  Using cached pyopengl-3.1.10-py3-none-any.whl.metadata (3.3 kB)
Collecting llvmlite<0.48,>=0.47.0dev0 (from numba>=0.49.1->robosuite==1.5.2)
  Using cached llvmlite-0.47.0-cp311-cp311-manylinux2014_x86_64.manylinux_2_17_x86_64.whl.metadata (5.0 kB)
Collecting quadprog>=0.1.11 (from qpsolvers[quadprog]>=4.3.1->robosuite==1.5.2)
  Using cached quadprog-0.1.13-cp311-cp311-manylinux_2_17_x86_64.manylinux2014_x86_64.whl.metadata (1.2 kB)
Requirement already satisfied: fsspec in /home/asurite.ad.asu.edu/xinyua11/miniconda3/envs/openpi_env/lib/python3.11/site-packages (from etils[epath]->mujoco>=3.3.0->robosuite==1.5.2) (2025.3.0)
Requirement already satisfied: typing_extensions in /home/asurite.ad.asu.edu/xinyua11/miniconda3/envs/openpi_env/lib/python3.11/site-packages (from etils[epath]->mujoco>=3.3.0->robosuite==1.5.2) (4.15.0)
Requirement already satisfied: zipp in /home/asurite.ad.asu.edu/xinyua11/miniconda3/envs/openpi_env/lib/python3.11/site-packages (from etils[epath]->mujoco>=3.3.0->robosuite==1.5.2) (4.1.0)
Requirement already satisfied: six in /home/asurite.ad.asu.edu/xinyua11/miniconda3/envs/openpi_env/lib/python3.11/site-packages (from pynput->robosuite==1.5.2) (1.17.0)
Requirement already satisfied: evdev>=1.3 in /home/asurite.ad.asu.edu/xinyua11/miniconda3/envs/openpi_env/lib/python3.11/site-packages (from pynput->robosuite==1.5.2) (1.9.3)
Requirement already satisfied: python-xlib>=0.17 in /home/asurite.ad.asu.edu/xinyua11/miniconda3/envs/openpi_env/lib/python3.11/site-packages (from pynput->robosuite==1.5.2) (0.33)
Collecting iniconfig>=1.0.1 (from pytest->robosuite==1.5.2)
  Using cached iniconfig-2.3.0-py3-none-any.whl.metadata (2.5 kB)
Requirement already satisfied: packaging>=22 in /home/asurite.ad.asu.edu/xinyua11/miniconda3/envs/openpi_env/lib/python3.11/site-packages (from pytest->robosuite==1.5.2) (26.0)
Collecting pluggy<2,>=1.5 (from pytest->robosuite==1.5.2)
  Using cached pluggy-1.6.0-py3-none-any.whl.metadata (4.8 kB)
Requirement already satisfied: pygments>=2.7.2 in /home/asurite.ad.asu.edu/xinyua11/miniconda3/envs/openpi_env/lib/python3.11/site-packages (from pytest->robosuite==1.5.2) (2.20.0)
Using cached mujoco-3.9.0-cp311-cp311-manylinux_2_27_x86_64.manylinux_2_28_x86_64.whl (7.3 MB)
Using cached numba-0.65.1-cp311-cp311-manylinux2014_x86_64.manylinux_2_17_x86_64.whl (3.7 MB)
Using cached llvmlite-0.47.0-cp311-cp311-manylinux2014_x86_64.manylinux_2_17_x86_64.whl (56.3 MB)
Using cached qpsolvers-4.12.0-py3-none-any.whl (106 kB)
Using cached quadprog-0.1.13-cp311-cp311-manylinux_2_17_x86_64.manylinux2014_x86_64.whl (548 kB)
Using cached glfw-2.10.0-py2.py27.py3.py30.py31.py32.py33.py34.py35.py36.py37.py38.py39.py310.py311.py312.py313.py314-none-manylinux_2_28_x86_64.whl (243 kB)
Using cached pyopengl-3.1.10-py3-none-any.whl (3.2 MB)
Using cached pytest-9.0.3-py3-none-any.whl (375 kB)
Using cached pluggy-1.6.0-py3-none-any.whl (20 kB)
Using cached iniconfig-2.3.0-py3-none-any.whl (7.5 kB)
Building wheels for collected packages: robosuite
  Building editable for robosuite (pyproject.toml): started
  Building editable for robosuite (pyproject.toml): finished with status 'done'
  Created wheel for robosuite: filename=robosuite-1.5.2-0.editable-py3-none-any.whl size=7410 sha256=9939515cb47e93327dd469abc3505a8733e7bb64580a71ff02a237679500a9d6
  Stored in directory: /tmp/pip-ephem-wheel-cache-uly__nu4/wheels/09/80/c3/8642b495f2fbda98d44c4930c3b63451e438e930346b054ee1
Successfully built robosuite
Installing collected packages: pyopengl, glfw, quadprog, pluggy, llvmlite, iniconfig, qpsolvers, pytest, numba, mujoco, robosuite

Successfully installed glfw-2.10.0 iniconfig-2.3.0 llvmlite-0.47.0 mujoco-3.9.0 numba-0.65.1 pluggy-1.6.0 pyopengl-3.1.10 pytest-9.0.3 qpsolvers-4.12.0 quadprog-0.1.13 robosuite-1.5.2
Obtaining file:///home/asurite.ad.asu.edu/xinyua11/robosuite
  Installing build dependencies: started
  Installing build dependencies: finished with status 'done'
  Checking if build backend supports build_editable: started
  Checking if build backend supports build_editable: finished with status 'done'
  Getting requirements to build editable: started
  Getting requirements to build editable: finished with status 'done'
  Preparing editable metadata (pyproject.toml): started
  Preparing editable metadata (pyproject.toml): finished with status 'done'
Requirement already satisfied: numpy>=1.13.3 in /home/asurite.ad.asu.edu/xinyua11/miniconda3/envs/openpi_env/lib/python3.11/site-packages (from robosuite==1.5.2) (1.26.4)
Requirement already satisfied: numba>=0.49.1 in /home/asurite.ad.asu.edu/xinyua11/miniconda3/envs/openpi_env/lib/python3.11/site-packages (from robosuite==1.5.2) (0.65.1)
Requirement already satisfied: scipy>=1.2.3 in /home/asurite.ad.asu.edu/xinyua11/miniconda3/envs/openpi_env/lib/python3.11/site-packages (from robosuite==1.5.2) (1.17.1)
Requirement already satisfied: mujoco>=3.3.0 in /home/asurite.ad.asu.edu/xinyua11/miniconda3/envs/openpi_env/lib/python3.11/site-packages (from robosuite==1.5.2) (3.9.0)
Requirement already satisfied: qpsolvers>=4.3.1 in /home/asurite.ad.asu.edu/xinyua11/miniconda3/envs/openpi_env/lib/python3.11/site-packages (from qpsolvers[quadprog]>=4.3.1->robosuite==1.5.2) (4.12.0)
Requirement already satisfied: Pillow in /home/asurite.ad.asu.edu/xinyua11/miniconda3/envs/openpi_env/lib/python3.11/site-packages (from robosuite==1.5.2) (12.2.0)
Requirement already satisfied: opencv-python in /home/asurite.ad.asu.edu/xinyua11/miniconda3/envs/openpi_env/lib/python3.11/site-packages (from robosuite==1.5.2) (4.11.0.86)
Requirement already satisfied: pynput in /home/asurite.ad.asu.edu/xinyua11/miniconda3/envs/openpi_env/lib/python3.11/site-packages (from robosuite==1.5.2) (1.8.2)
Requirement already satisfied: termcolor in /home/asurite.ad.asu.edu/xinyua11/miniconda3/envs/openpi_env/lib/python3.11/site-packages (from robosuite==1.5.2) (3.3.0)
Requirement already satisfied: pytest in /home/asurite.ad.asu.edu/xinyua11/miniconda3/envs/openpi_env/lib/python3.11/site-packages (from robosuite==1.5.2) (9.0.3)
Requirement already satisfied: tqdm in /home/asurite.ad.asu.edu/xinyua11/miniconda3/envs/openpi_env/lib/python3.11/site-packages (from robosuite==1.5.2) (4.68.2)
Requirement already satisfied: absl-py in /home/asurite.ad.asu.edu/xinyua11/miniconda3/envs/openpi_env/lib/python3.11/site-packages (from mujoco>=3.3.0->robosuite==1.5.2) (2.4.0)
Requirement already satisfied: etils[epath] in /home/asurite.ad.asu.edu/xinyua11/miniconda3/envs/openpi_env/lib/python3.11/site-packages (from mujoco>=3.3.0->robosuite==1.5.2) (1.14.0)
Requirement already satisfied: glfw in /home/asurite.ad.asu.edu/xinyua11/miniconda3/envs/openpi_env/lib/python3.11/site-packages (from mujoco>=3.3.0->robosuite==1.5.2) (2.10.0)
Requirement already satisfied: pyopengl in /home/asurite.ad.asu.edu/xinyua11/miniconda3/envs/openpi_env/lib/python3.11/site-packages (from mujoco>=3.3.0->robosuite==1.5.2) (3.1.10)
Requirement already satisfied: llvmlite<0.48,>=0.47.0dev0 in /home/asurite.ad.asu.edu/xinyua11/miniconda3/envs/openpi_env/lib/python3.11/site-packages (from numba>=0.49.1->robosuite==1.5.2) (0.47.0)
Requirement already satisfied: quadprog>=0.1.11 in /home/asurite.ad.asu.edu/xinyua11/miniconda3/envs/openpi_env/lib/python3.11/site-packages (from qpsolvers[quadprog]>=4.3.1->robosuite==1.5.2) (0.1.13)
Requirement already satisfied: fsspec in /home/asurite.ad.asu.edu/xinyua11/miniconda3/envs/openpi_env/lib/python3.11/site-packages (from etils[epath]->mujoco>=3.3.0->robosuite==1.5.2) (2025.3.0)
Requirement already satisfied: typing_extensions in /home/asurite.ad.asu.edu/xinyua11/miniconda3/envs/openpi_env/lib/python3.11/site-packages (from etils[epath]->mujoco>=3.3.0->robosuite==1.5.2) (4.15.0)
Requirement already satisfied: zipp in /home/asurite.ad.asu.edu/xinyua11/miniconda3/envs/openpi_env/lib/python3.11/site-packages (from etils[epath]->mujoco>=3.3.0->robosuite==1.5.2) (4.1.0)
Requirement already satisfied: six in /home/asurite.ad.asu.edu/xinyua11/miniconda3/envs/openpi_env/lib/python3.11/site-packages (from pynput->robosuite==1.5.2) (1.17.0)
Requirement already satisfied: evdev>=1.3 in /home/asurite.ad.asu.edu/xinyua11/miniconda3/envs/openpi_env/lib/python3.11/site-packages (from pynput->robosuite==1.5.2) (1.9.3)
Requirement already satisfied: python-xlib>=0.17 in /home/asurite.ad.asu.edu/xinyua11/miniconda3/envs/openpi_env/lib/python3.11/site-packages (from pynput->robosuite==1.5.2) (0.33)
Requirement already satisfied: iniconfig>=1.0.1 in /home/asurite.ad.asu.edu/xinyua11/miniconda3/envs/openpi_env/lib/python3.11/site-packages (from pytest->robosuite==1.5.2) (2.3.0)
Requirement already satisfied: packaging>=22 in /home/asurite.ad.asu.edu/xinyua11/miniconda3/envs/openpi_env/lib/python3.11/site-packages (from pytest->robosuite==1.5.2) (26.0)
Requirement already satisfied: pluggy<2,>=1.5 in /home/asurite.ad.asu.edu/xinyua11/miniconda3/envs/openpi_env/lib/python3.11/site-packages (from pytest->robosuite==1.5.2) (1.6.0)
Requirement already satisfied: pygments>=2.7.2 in /home/asurite.ad.asu.edu/xinyua11/miniconda3/envs/openpi_env/lib/python3.11/site-packages (from pytest->robosuite==1.5.2) (2.20.0)
Building wheels for collected packages: robosuite
  Building editable for robosuite (pyproject.toml): started
  Building editable for robosuite (pyproject.toml): finished with status 'done'
  Created wheel for robosuite: filename=robosuite-1.5.2-0.editable-py3-none-any.whl size=7410 sha256=1acdc211dcfecfe1f3c576968764b580ae1c315ff5fa8fe698c1a9237da3ebe6
  Stored in directory: /tmp/pip-ephem-wheel-cache-et6r0qnn/wheels/09/80/c3/8642b495f2fbda98d44c4930c3b63451e438e930346b054ee1
Successfully built robosuite
Installing collected packages: robosuite
  Attempting uninstall: robosuite
    Found existing installation: robosuite 1.5.2
    Uninstalling robosuite-1.5.2:
      Successfully uninstalled robosuite-1.5.2
Successfully installed robosuite-1.5.2
=== jax/numpy AFTER ===
jax 0.5.3 numpy 1.26.4
ROBOCASA_IN_OPENPI_DONE
